2026-02-27 23:18:25,859 - Data_Fetcher - INFO - Attempting to fetch latest stats from FBref...
2026-02-27 23:22:24,005 - Data_Fetcher - INFO - Attempting to fetch latest stats from FBref...
2026-02-27 23:22:26,262 - Data_Fetcher - ERROR - Failed to fetch data: 403 Client Error: Forbidden for url: https://fbref.com/en/comps/9/Premier-League-Stats
2026-02-28 18:42:19,180 - Data_Fetcher - INFO - Attempting to fetch latest stats from FBref...
2026-02-28 18:42:22,066 - Data_Fetcher - ERROR - Failed to fetch data: 403 Client Error: Forbidden for url: https://fbref.com/en/comps/9/Premier-League-Stats
2026-02-28 18:42:22,949 - Data_Fetcher - INFO - Attempting to fetch latest stats from FBref...
2026-02-28 18:42:24,537 - Data_Fetcher - ERROR - Failed to fetch data: 403 Client Error: Forbidden for url: https://fbref.com/en/comps/9/Premier-League-Stats
2026-02-28 18:42:25,100 - Data_Fetcher - INFO - Attempting to fetch latest stats from FBref...
2026-02-28 18:42:26,818 - Data_Fetcher - ERROR - Failed to fetch data: 403 Client Error: Forbidden for url: https://fbref.com/en/comps/9/Premier-League-Stats
2026-02-28 18:42:27,330 - Data_Fetcher - INFO - Attempting to fetch latest stats from FBref...
2026-02-28 18:42:29,656 - Data_Fetcher - ERROR - Failed to fetch data: 403 Client Error: Forbidden for url: https://fbref.com/en/comps/9/Premier-League-Stats
2026-02-28 18:52:08,610 - Data_Fetcher - INFO - Attempting to fetch latest stats from FBref...
2026-02-28 18:52:10,435 - Data_Fetcher - ERROR - Failed to fetch data: 403 Client Error: Forbidden for url: https://fbref.com/en/comps/9/Premier-League-Stats
2026-02-28 20:00:39,574 - S3_Uploader - INFO - 📤 Uploading to S3: epl-data-lake/epl_data/latest_stats.csv...
2026-02-28 20:00:41,650 - S3_Uploader - ERROR - ❌ S3 Client Error: Failed to upload data\processed\cleaned_epl_2025_2026.csv to epl-data-lake/epl_data/latest_stats.csv: An error occurred (InvalidAccessKeyId) when calling the PutObject operation: The AWS Access Key Id you provided does not exist in our records.
2026-03-01 17:02:12,151 - Data_Fetcher - INFO - Attempting to fetch latest stats from FBref...
2026-03-01 17:02:16,769 - Data_Fetcher - ERROR - ❌ Failed to fetch data: 403 Client Error: Forbidden for url: https://fbref.com/en/comps/9/Premier-League-Stats
2026-03-01 17:05:45,934 - Data_Fetcher - INFO - 🚀 Attempting to bypass FBref protection...
2026-03-01 17:05:52,393 - Data_Fetcher - ERROR - ❌ Still blocked: 403 Client Error: Forbidden for url: https://fbref.com/en/comps/9/Premier-League-Stats
2026-03-01 17:09:34,244 - Data_Fetcher - INFO - 🚀 Attempting to bypass FBref protection...
2026-03-01 17:09:41,328 - Data_Fetcher - ERROR - ❌ Still blocked: 403 Client Error: Forbidden for url: https://fbref.com/en/comps/9/schedule/Premier-League-Scores-and-Fixtures
2026-03-01 17:19:30,115 - Data_Fetcher - INFO - 📡 Fetching EPL standings from API...
2026-03-01 17:19:32,805 - Data_Fetcher - INFO - ✅ Success! Data saved to data\raw\epl_standings.json
